==========================================
Pest Detection Setup for Raspberry Pi 4 B+
==========================================

[0;32mStep 1: Updating system...[0m
Get:1 http://archive.raspberrypi.com/debian trixie InRelease [54.8 kB]
Get:2 http://archive.raspberrypi.com/debian trixie/main armhf Packages [367 kB]
Get:3 http://archive.raspberrypi.com/debian trixie/main arm64 Packages [371 kB]
Hit:4 http://deb.debian.org/debian trixie InRelease
Get:5 http://deb.debian.org/debian trixie-updates InRelease [47.3 kB]
Get:6 http://deb.debian.org/debian-security trixie-security InRelease [43.4 kB]
Fetched 837 kB in 4s (196 kB/s)
Reading package lists...
Reading package lists...
Building dependency tree...
Reading state information...
Calculating upgrade...
The following packages will be upgraded:
  chromium chromium-common chromium-l10n chromium-sandbox
4 upgraded, 0 newly installed, 0 to remove and 0 not upgraded.
Need to get 164 MB of archives.
After this operation, 4,055 kB of additional disk space will be used.
Get:1 http://archive.raspberrypi.com/debian trixie/main arm64 chromium-l10n all 1:144.0.7559.59-1~deb13u1+rpt1 [19.6 MB]
Get:2 http://archive.raspberrypi.com/debian trixie/main arm64 chromium arm64 1:144.0.7559.59-1~deb13u1+rpt1 [107 MB]
